\BOOKMARK [1][-]{section.1}{\376\377\000T\000r\000a\000b\000a\000j\000o\000\040\000F\000i\000n\000a\000l\000\040\000U\000T\0009\000\040\000-\000\040\000A\000u\000t\000o\000\040\000M\000a\000c\000h\000i\000n\000e\000\040\000L\000e\000a\000r\000n\000i\000n\000g}{}% 1
\BOOKMARK [2][-]{subsection.1.1}{\376\377\000D\000a\000t\000a\000s\000e\000t\000s\000\040\000u\000t\000i\000l\000i\000z\000a\000d\000o\000s}{section.1}% 2
\BOOKMARK [3][-]{subsubsection.1.1.1}{\376\377\0001\000.\000\040\000H\000o\000u\000s\000e\000\040\000P\000r\000i\000c\000e\000s\000\040\000\050\000R\000e\000g\000r\000e\000s\000i\000\363\000n\000\051\000\040\040\024\000\040\000m\000i\000s\000m\000o\000\040\000q\000u\000e\000\040\000U\000T\0005}{subsection.1.1}% 3
\BOOKMARK [3][-]{subsubsection.1.1.2}{\376\377\0002\000.\000\040\000S\000o\000c\000i\000a\000l\000\040\000N\000e\000t\000w\000o\000r\000k\000\040\000A\000d\000s\000\040\000\050\000C\000l\000a\000s\000i\000f\000i\000c\000a\000c\000i\000\363\000n\000\051\000\040\040\024\000\040\000m\000i\000s\000m\000o\000\040\000q\000u\000e\000\040\000U\000T\0006}{subsection.1.1}% 4
\BOOKMARK [2][-]{subsection.1.2}{\376\377\000\315\000n\000d\000i\000c\000e}{section.1}% 5
\BOOKMARK [3][-]{subsubsection.1.2.1}{\376\377\000N\000o\000t\000a\000\040\000s\000o\000b\000r\000e\000\040\000A\000u\000t\000o\000M\000L}{subsection.1.2}% 6
\BOOKMARK [2][-]{subsection.1.3}{\376\377\0000\000.\000\040\000I\000n\000s\000t\000a\000l\000a\000c\000i\000\363\000n\000\040\000d\000e\000\040\000l\000i\000b\000r\000e\000r\000\355\000a\000s\000\040\000e\000\040\000i\000m\000p\000o\000r\000t\000s}{section.1}% 7
\BOOKMARK [1][-]{section.2}{\376\377\0001\000.\000\040\000A\000p\000l\000i\000c\000a\000r\000\040\000m\000o\000d\000e\000l\000o\000\040\000X\000G\000B\000o\000o\000s\000t}{}% 8
\BOOKMARK [2][-]{subsection.2.1}{\376\377\0001\000.\0001\000\040\000X\000G\000B\000o\000o\000s\000t\000\040\000p\000a\000r\000a\000\040\000R\000e\000g\000r\000e\000s\000i\000\363\000n}{section.2}% 9
\BOOKMARK [3][-]{subsubsection.2.1.1}{\376\377\0001\000.\0001\000.\0001\000\040\000I\000m\000p\000o\000r\000t\000a\000r\000\040\000d\000a\000t\000a\000s\000e\000t}{subsection.2.1}% 10
\BOOKMARK [3][-]{subsubsection.2.1.2}{\376\377\0001\000.\0001\000.\0002\000\040\000M\000a\000n\000e\000j\000a\000r\000\040\000d\000a\000t\000o\000s\000\040\000m\000i\000s\000s\000i\000n\000g}{subsection.2.1}% 11
\BOOKMARK [3][-]{subsubsection.2.1.3}{\376\377\0001\000.\0001\000.\0003\000\040\000M\000a\000n\000e\000j\000a\000r\000\040\000d\000a\000t\000o\000s\000\040\000c\000a\000t\000e\000g\000\363\000r\000i\000c\000o\000s}{subsection.2.1}% 12
\BOOKMARK [3][-]{subsubsection.2.1.4}{\376\377\0001\000.\0001\000.\0004\000\040\000S\000e\000p\000a\000r\000a\000r\000\040\000d\000a\000t\000o\000s\000\040\000e\000n\000\040\000c\000o\000n\000j\000u\000n\000t\000o\000s\000\040\000d\000e\000\040\000e\000n\000t\000r\000e\000n\000a\000m\000i\000e\000n\000t\000o\000\040\000y\000\040\000t\000e\000s\000t}{subsection.2.1}% 13
\BOOKMARK [3][-]{subsubsection.2.1.5}{\376\377\0001\000.\0001\000.\0005\000\040\000E\000s\000t\000a\000n\000d\000a\000r\000i\000z\000a\000r\000\040\000l\000o\000s\000\040\000d\000a\000t\000o\000s}{subsection.2.1}% 14
\BOOKMARK [3][-]{subsubsection.2.1.6}{\376\377\0001\000.\0001\000.\0006\000\040\000A\000p\000l\000i\000c\000a\000r\000\040\000e\000l\000\040\000m\000o\000d\000e\000l\000o\000\040\000X\000G\000B\000o\000o\000s\000t\000R\000e\000g\000r\000e\000s\000s\000o\000r}{subsection.2.1}% 15
\BOOKMARK [3][-]{subsubsection.2.1.7}{\376\377\0001\000.\0001\000.\0007\000\040\000A\000p\000l\000i\000c\000a\000r\000\040\000m\000\351\000t\000r\000i\000c\000a\000s\000\040\000\050\000R\000M\000S\000E\000\051\000\040\000y\000\040\000c\000o\000m\000p\000a\000r\000a\000r\000\040\000c\000o\000n\000\040\000U\000T\0005}{subsection.2.1}% 16
\BOOKMARK [2][-]{subsection.2.2}{\376\377\0001\000.\0002\000\040\000X\000G\000B\000o\000o\000s\000t\000\040\000p\000a\000r\000a\000\040\000C\000l\000a\000s\000i\000f\000i\000c\000a\000c\000i\000\363\000n}{section.2}% 17
\BOOKMARK [3][-]{subsubsection.2.2.1}{\376\377\0001\000.\0002\000.\0001\000\040\000I\000m\000p\000o\000r\000t\000a\000r\000\040\000d\000a\000t\000a\000s\000e\000t}{subsection.2.2}% 18
\BOOKMARK [3][-]{subsubsection.2.2.2}{\376\377\0001\000.\0002\000.\0002\000\040\000M\000a\000n\000e\000j\000a\000r\000\040\000d\000a\000t\000o\000s\000\040\000m\000i\000s\000s\000i\000n\000g}{subsection.2.2}% 19
\BOOKMARK [3][-]{subsubsection.2.2.3}{\376\377\0001\000.\0002\000.\0003\000\040\000M\000a\000n\000e\000j\000a\000r\000\040\000d\000a\000t\000o\000s\000\040\000c\000a\000t\000e\000g\000\363\000r\000i\000c\000o\000s}{subsection.2.2}% 20
\BOOKMARK [3][-]{subsubsection.2.2.4}{\376\377\0001\000.\0002\000.\0004\000\040\000S\000e\000p\000a\000r\000a\000r\000\040\000d\000a\000t\000o\000s\000\040\000e\000n\000\040\000c\000o\000n\000j\000u\000n\000t\000o\000s\000\040\000d\000e\000\040\000e\000n\000t\000r\000e\000n\000a\000m\000i\000e\000n\000t\000o\000\040\000y\000\040\000t\000e\000s\000t}{subsection.2.2}% 21
\BOOKMARK [3][-]{subsubsection.2.2.5}{\376\377\0001\000.\0002\000.\0005\000\040\000E\000s\000t\000a\000n\000d\000a\000r\000i\000z\000a\000r\000\040\000l\000o\000s\000\040\000d\000a\000t\000o\000s}{subsection.2.2}% 22
\BOOKMARK [3][-]{subsubsection.2.2.6}{\376\377\0001\000.\0002\000.\0006\000\040\000A\000p\000l\000i\000c\000a\000r\000\040\000e\000l\000\040\000m\000o\000d\000e\000l\000o\000\040\000X\000G\000B\000o\000o\000s\000t\000C\000l\000a\000s\000s\000i\000f\000i\000e\000r}{subsection.2.2}% 23
\BOOKMARK [3][-]{subsubsection.2.2.7}{\376\377\0001\000.\0002\000.\0007\000\040\000A\000p\000l\000i\000c\000a\000r\000\040\000m\000\351\000t\000r\000i\000c\000a\000s\000\040\000y\000\040\000c\000o\000m\000p\000a\000r\000a\000r\000\040\000c\000o\000n\000\040\000U\000T\0006}{subsection.2.2}% 24
\BOOKMARK [1][-]{section.3}{\376\377\0002\000.\000\040\000A\000u\000t\000o\000M\000L\000\040\000c\000o\000n\000\040\000F\000L\000A\000M\000L}{}% 25
\BOOKMARK [2][-]{subsubsection.3.0.1}{\376\377\0002\000.\0001\000\040\000P\000r\000e\000p\000a\000r\000a\000r\000\040\000l\000o\000s\000\040\000d\000a\000t\000o\000s}{section.3}% 26
\BOOKMARK [3][-]{subsubsection.3.0.2}{\376\377\0002\000.\0002\000\040\000D\000e\000f\000i\000n\000i\000r\000\040\000y\000\040\000e\000n\000t\000r\000e\000n\000a\000r\000\040\000e\000l\000\040\000m\000o\000d\000e\000l\000o\000\040\000F\000L\000A\000M\000L\000\040\000A\000u\000t\000o\000M\000L}{subsubsection.3.0.1}% 27
\BOOKMARK [3][-]{subsubsection.3.0.3}{\376\377\0002\000.\0003\000\040\000E\000v\000a\000l\000u\000a\000r\000\040\000e\000l\000\040\000m\000o\000d\000e\000l\000o\000\040\000A\000u\000t\000o\000M\000L}{subsubsection.3.0.1}% 28
\BOOKMARK [3][-]{subsubsection.3.0.4}{\376\377\0002\000.\0004\000\040\000C\000o\000n\000c\000l\000u\000s\000i\000o\000n\000e\000s\000\040\000A\000u\000t\000o\000M\000L}{subsubsection.3.0.1}% 29
\BOOKMARK [1][-]{section.4}{\376\377\0003\000.\000\040\000V\000a\000l\000o\000r\000e\000s\000\040\000S\000H\000A\000P}{}% 30
\BOOKMARK [2][-]{subsection.4.1}{\376\377\0003\000.\0001\000\040\000E\000x\000p\000l\000i\000c\000a\000r\000\040\000u\000n\000a\000\040\000\372\000n\000i\000c\000a\000\040\000p\000r\000e\000d\000i\000c\000c\000i\000\363\000n}{section.4}% 31
\BOOKMARK [3][-]{subsubsection.4.1.1}{\376\377\0003\000.\0001\000.\0001\000\040\000G\000r\000\341\000f\000i\000c\000o\000s\000\040\000d\000e\000\040\000f\000u\000e\000r\000z\000a\000s\000\040\000\050\000F\000o\000r\000c\000e\000\040\000P\000l\000o\000t\000s\000\051}{subsection.4.1}% 32
\BOOKMARK [3][-]{subsubsection.4.1.2}{\376\377\0003\000.\0001\000.\0002\000\040\000G\000r\000\341\000f\000i\000c\000o\000s\000\040\000d\000e\000\040\000d\000e\000p\000e\000n\000d\000e\000n\000c\000i\000a\000s\000\040\000\050\000D\000e\000p\000e\000n\000d\000e\000n\000c\000e\000\040\000P\000l\000o\000t\000s\000\051}{subsection.4.1}% 33
\BOOKMARK [3][-]{subsubsection.4.1.3}{\376\377\0003\000.\0001\000.\0003\000\040\000C\000o\000n\000c\000l\000u\000s\000i\000o\000n\000e\000s\000\040\000-\000\040\000P\000r\000e\000d\000i\000c\000c\000i\000\363\000n\000\040\000i\000n\000d\000i\000v\000i\000d\000u\000a\000l}{subsection.4.1}% 34
\BOOKMARK [2][-]{subsection.4.2}{\376\377\0003\000.\0002\000\040\000E\000x\000p\000l\000i\000c\000a\000r\000\040\000e\000l\000\040\000d\000a\000t\000a\000s\000e\000t\000\040\000c\000o\000m\000p\000l\000e\000t\000o}{section.4}% 35
\BOOKMARK [3][-]{subsubsection.4.2.1}{\376\377\0003\000.\0002\000.\0001\000\040\000S\000u\000m\000m\000a\000r\000y\000\040\000P\000l\000o\000t}{subsection.4.2}% 36
\BOOKMARK [3][-]{subsubsection.4.2.2}{\376\377\0003\000.\0002\000.\0002\000\040\000C\000o\000n\000c\000l\000u\000s\000i\000o\000n\000e\000s\000\040\000-\000\040\000D\000a\000t\000a\000s\000e\000t\000\040\000c\000o\000m\000p\000l\000e\000t\000o}{subsection.4.2}% 37
\BOOKMARK [1][-]{section.5}{\376\377\0004\000.\000\040\000C\000o\000n\000c\000l\000u\000s\000i\000o\000n\000e\000s\000\040\000f\000i\000n\000a\000l\000e\000s}{}% 38
\BOOKMARK [2][-]{subsection.5.1}{\376\377\000\277\000Q\000u\000\351\000\040\000h\000e\000m\000o\000s\000\040\000h\000e\000c\000h\000o\000\040\000e\000n\000\040\000e\000s\000t\000e\000\040\000t\000r\000a\000b\000a\000j\000o\000?}{section.5}% 39
\BOOKMARK [2][-]{subsection.5.2}{\376\377\0004\000.\0001\000\040\000S\000o\000b\000r\000e\000\040\000X\000G\000B\000o\000o\000s\000t}{section.5}% 40
\BOOKMARK [2][-]{subsection.5.3}{\376\377\0004\000.\0002\000\040\000S\000o\000b\000r\000e\000\040\000A\000u\000t\000o\000M\000L\000\040\000c\000o\000n\000\040\000F\000L\000A\000M\000L}{section.5}% 41
\BOOKMARK [2][-]{subsection.5.4}{\376\377\0004\000.\0003\000\040\000S\000o\000b\000r\000e\000\040\000S\000H\000A\000P\000\040\000y\000\040\000l\000a\000\040\000i\000n\000t\000e\000r\000p\000r\000e\000t\000a\000b\000i\000l\000i\000d\000a\000d}{section.5}% 42
\BOOKMARK [2][-]{subsection.5.5}{\376\377\0004\000.\0004\000\040\000S\000o\000b\000r\000e\000\040\000l\000o\000s\000\040\000d\000a\000t\000a\000s\000e\000t\000s\000\040\000u\000t\000i\000l\000i\000z\000a\000d\000o\000s}{section.5}% 43
\BOOKMARK [2][-]{subsection.5.6}{\376\377\0004\000.\0005\000\040\000R\000e\000s\000u\000m\000e\000n\000:\000\040\000e\000v\000o\000l\000u\000c\000i\000\363\000n\000\040\000a\000\040\000l\000o\000\040\000l\000a\000r\000g\000o\000\040\000d\000e\000l\000\040\000c\000u\000r\000s\000o}{section.5}% 44
